Archive member included because of file (symbol)

x:/tools/imt_sdk_win_64/imt_sdk_win_64/winavr/bin/../lib/gcc/avr/4.3.3/avr5\libgcc.a(_mulsi3.o)
                              ./Src/App.o (__mulsi3)
x:/tools/imt_sdk_win_64/imt_sdk_win_64/winavr/bin/../lib/gcc/avr/4.3.3/avr5\libgcc.a(_udivmodhi4.o)
                              ./Src/LCD_Program.o (__udivmodhi4)
x:/tools/imt_sdk_win_64/imt_sdk_win_64/winavr/bin/../lib/gcc/avr/4.3.3/avr5\libgcc.a(_exit.o)
                              x:/tools/imt_sdk_win_64/imt_sdk_win_64/winavr/bin/../lib/gcc/avr/4.3.3/../../../../avr/lib/avr5/crtm32.o (exit)
x:/tools/imt_sdk_win_64/imt_sdk_win_64/winavr/bin/../lib/gcc/avr/4.3.3/avr5\libgcc.a(_copy_data.o)
                              ./Src/App.o (__do_copy_data)
x:/tools/imt_sdk_win_64/imt_sdk_win_64/winavr/bin/../lib/gcc/avr/4.3.3/avr5\libgcc.a(_clear_bss.o)
                              ./Src/EXTI_Program.o (__do_clear_bss)
x:/tools/imt_sdk_win_64/imt_sdk_win_64/winavr/bin/../lib/gcc/avr/4.3.3/avr5\libgcc.a(_fixunssfsi.o)
                              ./Src/App.o (__fixunssfsi)
x:/tools/imt_sdk_win_64/imt_sdk_win_64/winavr/bin/../lib/gcc/avr/4.3.3/avr5\libgcc.a(_addsub_sf.o)
                              x:/tools/imt_sdk_win_64/imt_sdk_win_64/winavr/bin/../lib/gcc/avr/4.3.3/avr5\libgcc.a(_fixunssfsi.o) (__subsf3)
x:/tools/imt_sdk_win_64/imt_sdk_win_64/winavr/bin/../lib/gcc/avr/4.3.3/avr5\libgcc.a(_mul_sf.o)
                              ./Src/App.o (__mulsf3)
x:/tools/imt_sdk_win_64/imt_sdk_win_64/winavr/bin/../lib/gcc/avr/4.3.3/avr5\libgcc.a(_gt_sf.o)
                              ./Src/App.o (__gtsf2)
x:/tools/imt_sdk_win_64/imt_sdk_win_64/winavr/bin/../lib/gcc/avr/4.3.3/avr5\libgcc.a(_ge_sf.o)
                              x:/tools/imt_sdk_win_64/imt_sdk_win_64/winavr/bin/../lib/gcc/avr/4.3.3/avr5\libgcc.a(_fixunssfsi.o) (__gesf2)
x:/tools/imt_sdk_win_64/imt_sdk_win_64/winavr/bin/../lib/gcc/avr/4.3.3/avr5\libgcc.a(_lt_sf.o)
                              ./Src/App.o (__ltsf2)
x:/tools/imt_sdk_win_64/imt_sdk_win_64/winavr/bin/../lib/gcc/avr/4.3.3/avr5\libgcc.a(_sf_to_si.o)
                              x:/tools/imt_sdk_win_64/imt_sdk_win_64/winavr/bin/../lib/gcc/avr/4.3.3/avr5\libgcc.a(_fixunssfsi.o) (__fixsfsi)
x:/tools/imt_sdk_win_64/imt_sdk_win_64/winavr/bin/../lib/gcc/avr/4.3.3/avr5\libgcc.a(_thenan_sf.o)
                              x:/tools/imt_sdk_win_64/imt_sdk_win_64/winavr/bin/../lib/gcc/avr/4.3.3/avr5\libgcc.a(_addsub_sf.o) (__thenan_sf)
x:/tools/imt_sdk_win_64/imt_sdk_win_64/winavr/bin/../lib/gcc/avr/4.3.3/avr5\libgcc.a(_prologue.o)
                              x:/tools/imt_sdk_win_64/imt_sdk_win_64/winavr/bin/../lib/gcc/avr/4.3.3/avr5\libgcc.a(_addsub_sf.o) (__prologue_saves__)
x:/tools/imt_sdk_win_64/imt_sdk_win_64/winavr/bin/../lib/gcc/avr/4.3.3/avr5\libgcc.a(_epilogue.o)
                              x:/tools/imt_sdk_win_64/imt_sdk_win_64/winavr/bin/../lib/gcc/avr/4.3.3/avr5\libgcc.a(_addsub_sf.o) (__epilogue_restores__)
x:/tools/imt_sdk_win_64/imt_sdk_win_64/winavr/bin/../lib/gcc/avr/4.3.3/avr5\libgcc.a(_pack_sf.o)
                              x:/tools/imt_sdk_win_64/imt_sdk_win_64/winavr/bin/../lib/gcc/avr/4.3.3/avr5\libgcc.a(_addsub_sf.o) (__pack_f)
x:/tools/imt_sdk_win_64/imt_sdk_win_64/winavr/bin/../lib/gcc/avr/4.3.3/avr5\libgcc.a(_unpack_sf.o)
                              x:/tools/imt_sdk_win_64/imt_sdk_win_64/winavr/bin/../lib/gcc/avr/4.3.3/avr5\libgcc.a(_addsub_sf.o) (__unpack_f)
x:/tools/imt_sdk_win_64/imt_sdk_win_64/winavr/bin/../lib/gcc/avr/4.3.3/avr5\libgcc.a(_fpcmp_parts_sf.o)
                              x:/tools/imt_sdk_win_64/imt_sdk_win_64/winavr/bin/../lib/gcc/avr/4.3.3/avr5\libgcc.a(_gt_sf.o) (__fpcmp_parts_f)

Memory Configuration

Name             Origin             Length             Attributes
text             0x00000000         0x00020000         xr
data             0x00800060         0x0000ffa0         rw !x
eeprom           0x00810000         0x00010000         rw !x
fuse             0x00820000         0x00000400         rw !x
lock             0x00830000         0x00000400         rw !x
signature        0x00840000         0x00000400         rw !x
*default*        0x00000000         0xffffffff

Linker script and memory map

LOAD x:/tools/imt_sdk_win_64/imt_sdk_win_64/winavr/bin/../lib/gcc/avr/4.3.3/../../../../avr/lib/avr5/crtm32.o
LOAD ./Src/ADC_Program.o
LOAD ./Src/App.o
LOAD ./Src/DIO_Program.o
LOAD ./Src/EXTI_Program.o
LOAD ./Src/GI_Program.o
LOAD ./Src/LCD_Program.o
LOAD ./Src/LED_Program.o
LOAD x:/tools/imt_sdk_win_64/imt_sdk_win_64/winavr/bin/../lib/gcc/avr/4.3.3/avr5\libgcc.a
LOAD x:/tools/imt_sdk_win_64/imt_sdk_win_64/winavr/bin/../lib/gcc/avr/4.3.3/../../../../avr/lib/avr5\libc.a
LOAD x:/tools/imt_sdk_win_64/imt_sdk_win_64/winavr/bin/../lib/gcc/avr/4.3.3/avr5\libgcc.a

.hash
 *(.hash)

.dynsym
 *(.dynsym)

.dynstr
 *(.dynstr)

.gnu.version
 *(.gnu.version)

.gnu.version_d
 *(.gnu.version_d)

.gnu.version_r
 *(.gnu.version_r)

.rel.init
 *(.rel.init)

.rela.init
 *(.rela.init)

.rel.text
 *(.rel.text)
 *(.rel.text.*)
 *(.rel.gnu.linkonce.t*)

.rela.text
 *(.rela.text)
 *(.rela.text.*)
 *(.rela.gnu.linkonce.t*)

.rel.fini
 *(.rel.fini)

.rela.fini
 *(.rela.fini)

.rel.rodata
 *(.rel.rodata)
 *(.rel.rodata.*)
 *(.rel.gnu.linkonce.r*)

.rela.rodata
 *(.rela.rodata)
 *(.rela.rodata.*)
 *(.rela.gnu.linkonce.r*)

.rel.data
 *(.rel.data)
 *(.rel.data.*)
 *(.rel.gnu.linkonce.d*)

.rela.data
 *(.rela.data)
 *(.rela.data.*)
 *(.rela.gnu.linkonce.d*)

.rel.ctors
 *(.rel.ctors)

.rela.ctors
 *(.rela.ctors)

.rel.dtors
 *(.rel.dtors)

.rela.dtors
 *(.rela.dtors)

.rel.got
 *(.rel.got)

.rela.got
 *(.rela.got)

.rel.bss
 *(.rel.bss)

.rela.bss
 *(.rela.bss)

.rel.plt
 *(.rel.plt)

.rela.plt
 *(.rela.plt)

.text           0x00000000     0x2524
 *(.vectors)
 .vectors       0x00000000       0x54 x:/tools/imt_sdk_win_64/imt_sdk_win_64/winavr/bin/../lib/gcc/avr/4.3.3/../../../../avr/lib/avr5/crtm32.o
                0x00000000                __vectors
                0x00000000                __vector_default
 *(.vectors)
 *(.progmem.gcc*)
 *(.progmem*)
                0x00000054                . = ALIGN (0x2)
                0x00000054                __trampolines_start = .
 *(.trampolines)
 .trampolines   0x00000054        0x0 linker stubs
 *(.trampolines*)
                0x00000054                __trampolines_end = .
 *(.jumptables)
 *(.jumptables*)
 *(.lowtext)
 *(.lowtext*)
                0x00000054                __ctors_start = .
 *(.ctors)
                0x00000054                __ctors_end = .
                0x00000054                __dtors_start = .
 *(.dtors)
                0x00000054                __dtors_end = .
 SORT(*)(.ctors)
 SORT(*)(.dtors)
 *(.init0)
 .init0         0x00000054        0x0 x:/tools/imt_sdk_win_64/imt_sdk_win_64/winavr/bin/../lib/gcc/avr/4.3.3/../../../../avr/lib/avr5/crtm32.o
                0x00000054                __init
 *(.init0)
 *(.init1)
 *(.init1)
 *(.init2)
 .init2         0x00000054        0xc x:/tools/imt_sdk_win_64/imt_sdk_win_64/winavr/bin/../lib/gcc/avr/4.3.3/../../../../avr/lib/avr5/crtm32.o
 *(.init2)
 *(.init3)
 *(.init3)
 *(.init4)
 .init4         0x00000060       0x16 x:/tools/imt_sdk_win_64/imt_sdk_win_64/winavr/bin/../lib/gcc/avr/4.3.3/avr5\libgcc.a(_copy_data.o)
                0x00000060                __do_copy_data
 .init4         0x00000076       0x10 x:/tools/imt_sdk_win_64/imt_sdk_win_64/winavr/bin/../lib/gcc/avr/4.3.3/avr5\libgcc.a(_clear_bss.o)
                0x00000076                __do_clear_bss
 *(.init4)
 *(.init5)
 *(.init5)
 *(.init6)
 *(.init6)
 *(.init7)
 *(.init7)
 *(.init8)
 *(.init8)
 *(.init9)
 .init9         0x00000086        0x8 x:/tools/imt_sdk_win_64/imt_sdk_win_64/winavr/bin/../lib/gcc/avr/4.3.3/../../../../avr/lib/avr5/crtm32.o
 *(.init9)
 *(.text)
 .text          0x0000008e        0x4 x:/tools/imt_sdk_win_64/imt_sdk_win_64/winavr/bin/../lib/gcc/avr/4.3.3/../../../../avr/lib/avr5/crtm32.o
                0x0000008e                __vector_12
                0x0000008e                __bad_interrupt
                0x0000008e                __vector_6
                0x0000008e                __vector_11
                0x0000008e                __vector_13
                0x0000008e                __vector_17
                0x0000008e                __vector_19
                0x0000008e                __vector_7
                0x0000008e                __vector_5
                0x0000008e                __vector_4
                0x0000008e                __vector_9
                0x0000008e                __vector_15
                0x0000008e                __vector_8
                0x0000008e                __vector_14
                0x0000008e                __vector_10
                0x0000008e                __vector_16
                0x0000008e                __vector_18
                0x0000008e                __vector_20
 .text          0x00000092        0x0 ./Src/ADC_Program.o
 .text          0x00000092        0x0 ./Src/App.o
 .text          0x00000092        0x0 ./Src/DIO_Program.o
 .text          0x00000092        0x0 ./Src/EXTI_Program.o
 .text          0x00000092        0x0 ./Src/GI_Program.o
 .text          0x00000092        0x0 ./Src/LCD_Program.o
 .text          0x00000092        0x0 ./Src/LED_Program.o
 .text          0x00000092        0x0 x:/tools/imt_sdk_win_64/imt_sdk_win_64/winavr/bin/../lib/gcc/avr/4.3.3/avr5\libgcc.a(_mulsi3.o)
 .text          0x00000092        0x0 x:/tools/imt_sdk_win_64/imt_sdk_win_64/winavr/bin/../lib/gcc/avr/4.3.3/avr5\libgcc.a(_udivmodhi4.o)
 .text          0x00000092        0x0 x:/tools/imt_sdk_win_64/imt_sdk_win_64/winavr/bin/../lib/gcc/avr/4.3.3/avr5\libgcc.a(_exit.o)
 .text          0x00000092        0x0 x:/tools/imt_sdk_win_64/imt_sdk_win_64/winavr/bin/../lib/gcc/avr/4.3.3/avr5\libgcc.a(_copy_data.o)
 .text          0x00000092        0x0 x:/tools/imt_sdk_win_64/imt_sdk_win_64/winavr/bin/../lib/gcc/avr/4.3.3/avr5\libgcc.a(_clear_bss.o)
 .text          0x00000092       0x58 x:/tools/imt_sdk_win_64/imt_sdk_win_64/winavr/bin/../lib/gcc/avr/4.3.3/avr5\libgcc.a(_fixunssfsi.o)
                0x00000092                __fixunssfsi
 .text          0x000000ea      0x354 x:/tools/imt_sdk_win_64/imt_sdk_win_64/winavr/bin/../lib/gcc/avr/4.3.3/avr5\libgcc.a(_addsub_sf.o)
                0x00000382                __subsf3
                0x000003e4                __addsf3
 .text          0x0000043e      0x1f4 x:/tools/imt_sdk_win_64/imt_sdk_win_64/winavr/bin/../lib/gcc/avr/4.3.3/avr5\libgcc.a(_mul_sf.o)
                0x0000043e                __mulsf3
 .text          0x00000632       0x60 x:/tools/imt_sdk_win_64/imt_sdk_win_64/winavr/bin/../lib/gcc/avr/4.3.3/avr5\libgcc.a(_gt_sf.o)
                0x00000632                __gtsf2
 .text          0x00000692       0x60 x:/tools/imt_sdk_win_64/imt_sdk_win_64/winavr/bin/../lib/gcc/avr/4.3.3/avr5\libgcc.a(_ge_sf.o)
                0x00000692                __gesf2
 .text          0x000006f2       0x60 x:/tools/imt_sdk_win_64/imt_sdk_win_64/winavr/bin/../lib/gcc/avr/4.3.3/avr5\libgcc.a(_lt_sf.o)
                0x000006f2                __ltsf2
 .text          0x00000752       0xa8 x:/tools/imt_sdk_win_64/imt_sdk_win_64/winavr/bin/../lib/gcc/avr/4.3.3/avr5\libgcc.a(_sf_to_si.o)
                0x00000752                __fixsfsi
 .text          0x000007fa        0x0 x:/tools/imt_sdk_win_64/imt_sdk_win_64/winavr/bin/../lib/gcc/avr/4.3.3/avr5\libgcc.a(_thenan_sf.o)
 .text          0x000007fa        0x0 x:/tools/imt_sdk_win_64/imt_sdk_win_64/winavr/bin/../lib/gcc/avr/4.3.3/avr5\libgcc.a(_prologue.o)
 .text          0x000007fa        0x0 x:/tools/imt_sdk_win_64/imt_sdk_win_64/winavr/bin/../lib/gcc/avr/4.3.3/avr5\libgcc.a(_epilogue.o)
 .text          0x000007fa      0x1aa x:/tools/imt_sdk_win_64/imt_sdk_win_64/winavr/bin/../lib/gcc/avr/4.3.3/avr5\libgcc.a(_pack_sf.o)
                0x000007fa                __pack_f
 .text          0x000009a4       0xf0 x:/tools/imt_sdk_win_64/imt_sdk_win_64/winavr/bin/../lib/gcc/avr/4.3.3/avr5\libgcc.a(_unpack_sf.o)
                0x000009a4                __unpack_f
 .text          0x00000a94       0xb2 x:/tools/imt_sdk_win_64/imt_sdk_win_64/winavr/bin/../lib/gcc/avr/4.3.3/avr5\libgcc.a(_fpcmp_parts_sf.o)
                0x00000a94                __fpcmp_parts_f
                0x00000b46                . = ALIGN (0x2)
 *(.text.*)
 .text.MADC_voidInit
                0x00000b46       0x7e ./Src/ADC_Program.o
                0x00000b46                MADC_voidInit
 .text.MADC_u16GetDigitalvalue
                0x00000bc4       0x84 ./Src/ADC_Program.o
                0x00000bc4                MADC_u16GetDigitalvalue
 .text.main     0x00000c48      0x158 ./Src/App.o
                0x00000c48                main
 .text.MDIO_voidSetPinDirection
                0x00000da0      0x246 ./Src/DIO_Program.o
                0x00000da0                MDIO_voidSetPinDirection
 .text.MDIO_voidSetPinValue
                0x00000fe6      0x246 ./Src/DIO_Program.o
                0x00000fe6                MDIO_voidSetPinValue
 .text.MDIO_getPinValue
                0x0000122c      0x102 ./Src/DIO_Program.o
                0x0000122c                MDIO_getPinValue
 .text.MDIO_voidTogglePinValue
                0x0000132e      0x10a ./Src/DIO_Program.o
                0x0000132e                MDIO_voidTogglePinValue
 .text.MDIO_voidSetPortDirection
                0x00001438       0x88 ./Src/DIO_Program.o
                0x00001438                MDIO_voidSetPortDirection
 .text.MDIO_voidSetPortValue
                0x000014c0       0x88 ./Src/DIO_Program.o
                0x000014c0                MDIO_voidSetPortValue
 .text.MDIO_voidInit
                0x00001548       0x42 ./Src/DIO_Program.o
                0x00001548                MDIO_voidInit
 .text.MEXTI_voidConfig
                0x0000158a       0xe8 ./Src/EXTI_Program.o
                0x0000158a                MEXTI_voidConfig
 .text.MEXTI_voidEnable
                0x00001672       0x74 ./Src/EXTI_Program.o
                0x00001672                MEXTI_voidEnable
 .text.MEXTI_voidDisbale
                0x000016e6       0x74 ./Src/EXTI_Program.o
                0x000016e6                MEXTI_voidDisbale
 .text.MEXTI_voidClearFlag
                0x0000175a       0x74 ./Src/EXTI_Program.o
                0x0000175a                MEXTI_voidClearFlag
 .text.MEXTI_voidSetCallBack
                0x000017ce       0x80 ./Src/EXTI_Program.o
                0x000017ce                MEXTI_voidSetCallBack
 .text.__vector_1
                0x0000184e       0x66 ./Src/EXTI_Program.o
                0x0000184e                __vector_1
 .text.__vector_2
                0x000018b4       0x66 ./Src/EXTI_Program.o
                0x000018b4                __vector_2
 .text.__vector_3
                0x0000191a       0x66 ./Src/EXTI_Program.o
                0x0000191a                __vector_3
 .text.MGI_voidEnable
                0x00001980       0x1c ./Src/GI_Program.o
                0x00001980                MGI_voidEnable
 .text.MGI_voidDisable
                0x0000199c       0x1c ./Src/GI_Program.o
                0x0000199c                MGI_voidDisable
 .text.HLCD_voidSendCommand
                0x000019b8      0x13c ./Src/LCD_Program.o
                0x000019b8                HLCD_voidSendCommand
 .text.HLCD_voidSendData
                0x00001af4      0x13c ./Src/LCD_Program.o
                0x00001af4                HLCD_voidSendData
 .text.HLCD_voidInit
                0x00001c30      0x4e4 ./Src/LCD_Program.o
                0x00001c30                HLCD_voidInit
 .text.HLCD_voidClearDisplay
                0x00002114      0x110 ./Src/LCD_Program.o
                0x00002114                HLCD_voidClearDisplay
 .text.HLCD_voidDisplayString
                0x00002224       0x3a ./Src/LCD_Program.o
                0x00002224                HLCD_voidDisplayString
 .text.HLCD_voidGoToPos
                0x0000225e       0x50 ./Src/LCD_Program.o
                0x0000225e                HLCD_voidGoToPos
 .text.HLCD_voidDisplayNumber
                0x000022ae       0xb6 ./Src/LCD_Program.o
                0x000022ae                HLCD_voidDisplayNumber
 .text.HLCD_voidSendSpecialSymbol
                0x00002364       0x84 ./Src/LCD_Program.o
                0x00002364                HLCD_voidSendSpecialSymbol
 .text.HLED_voidTurnLEDOn
                0x000023e8       0x22 ./Src/LED_Program.o
                0x000023e8                HLED_voidTurnLEDOn
 .text.HLED_voidTurnLEDOff
                0x0000240a       0x22 ./Src/LED_Program.o
                0x0000240a                HLED_voidTurnLEDOff
 .text.HLED_voidToggleLED
                0x0000242c       0x20 ./Src/LED_Program.o
                0x0000242c                HLED_voidToggleLED
 .text.libgcc   0x0000244c       0x3e x:/tools/imt_sdk_win_64/imt_sdk_win_64/winavr/bin/../lib/gcc/avr/4.3.3/avr5\libgcc.a(_mulsi3.o)
                0x0000244c                __mulsi3
 .text.libgcc   0x0000248a       0x28 x:/tools/imt_sdk_win_64/imt_sdk_win_64/winavr/bin/../lib/gcc/avr/4.3.3/avr5\libgcc.a(_udivmodhi4.o)
                0x0000248a                __udivmodhi4
 .text.libgcc   0x000024b2        0x0 x:/tools/imt_sdk_win_64/imt_sdk_win_64/winavr/bin/../lib/gcc/avr/4.3.3/avr5\libgcc.a(_exit.o)
 .text.libgcc   0x000024b2        0x0 x:/tools/imt_sdk_win_64/imt_sdk_win_64/winavr/bin/../lib/gcc/avr/4.3.3/avr5\libgcc.a(_copy_data.o)
 .text.libgcc   0x000024b2        0x0 x:/tools/imt_sdk_win_64/imt_sdk_win_64/winavr/bin/../lib/gcc/avr/4.3.3/avr5\libgcc.a(_clear_bss.o)
 .text.libgcc   0x000024b2       0x38 x:/tools/imt_sdk_win_64/imt_sdk_win_64/winavr/bin/../lib/gcc/avr/4.3.3/avr5\libgcc.a(_prologue.o)
                0x000024b2                __prologue_saves__
 .text.libgcc   0x000024ea       0x36 x:/tools/imt_sdk_win_64/imt_sdk_win_64/winavr/bin/../lib/gcc/avr/4.3.3/avr5\libgcc.a(_epilogue.o)
                0x000024ea                __epilogue_restores__
                0x00002520                . = ALIGN (0x2)
 *(.fini9)
 .fini9         0x00002520        0x0 x:/tools/imt_sdk_win_64/imt_sdk_win_64/winavr/bin/../lib/gcc/avr/4.3.3/avr5\libgcc.a(_exit.o)
                0x00002520                exit
                0x00002520                _exit
 *(.fini9)
 *(.fini8)
 *(.fini8)
 *(.fini7)
 *(.fini7)
 *(.fini6)
 *(.fini6)
 *(.fini5)
 *(.fini5)
 *(.fini4)
 *(.fini4)
 *(.fini3)
 *(.fini3)
 *(.fini2)
 *(.fini2)
 *(.fini1)
 *(.fini1)
 *(.fini0)
 .fini0         0x00002520        0x4 x:/tools/imt_sdk_win_64/imt_sdk_win_64/winavr/bin/../lib/gcc/avr/4.3.3/avr5\libgcc.a(_exit.o)
 *(.fini0)
                0x00002524                _etext = .

.data           0x00800060       0x18 load address 0x00002524
                0x00800060                PROVIDE (__data_start, .)
 *(.data)
 .data          0x00800060        0x0 x:/tools/imt_sdk_win_64/imt_sdk_win_64/winavr/bin/../lib/gcc/avr/4.3.3/../../../../avr/lib/avr5/crtm32.o
 .data          0x00800060        0x0 ./Src/ADC_Program.o
 .data          0x00800060        0xf ./Src/App.o
 .data          0x0080006f        0x0 ./Src/DIO_Program.o
 .data          0x0080006f        0x0 ./Src/EXTI_Program.o
 .data          0x0080006f        0x0 ./Src/GI_Program.o
 .data          0x0080006f        0x0 ./Src/LCD_Program.o
 .data          0x0080006f        0x0 ./Src/LED_Program.o
 .data          0x0080006f        0x0 x:/tools/imt_sdk_win_64/imt_sdk_win_64/winavr/bin/../lib/gcc/avr/4.3.3/avr5\libgcc.a(_mulsi3.o)
 .data          0x0080006f        0x0 x:/tools/imt_sdk_win_64/imt_sdk_win_64/winavr/bin/../lib/gcc/avr/4.3.3/avr5\libgcc.a(_udivmodhi4.o)
 .data          0x0080006f        0x0 x:/tools/imt_sdk_win_64/imt_sdk_win_64/winavr/bin/../lib/gcc/avr/4.3.3/avr5\libgcc.a(_exit.o)
 .data          0x0080006f        0x0 x:/tools/imt_sdk_win_64/imt_sdk_win_64/winavr/bin/../lib/gcc/avr/4.3.3/avr5\libgcc.a(_copy_data.o)
 .data          0x0080006f        0x0 x:/tools/imt_sdk_win_64/imt_sdk_win_64/winavr/bin/../lib/gcc/avr/4.3.3/avr5\libgcc.a(_clear_bss.o)
 .data          0x0080006f        0x0 x:/tools/imt_sdk_win_64/imt_sdk_win_64/winavr/bin/../lib/gcc/avr/4.3.3/avr5\libgcc.a(_fixunssfsi.o)
 .data          0x0080006f        0x0 x:/tools/imt_sdk_win_64/imt_sdk_win_64/winavr/bin/../lib/gcc/avr/4.3.3/avr5\libgcc.a(_addsub_sf.o)
 .data          0x0080006f        0x0 x:/tools/imt_sdk_win_64/imt_sdk_win_64/winavr/bin/../lib/gcc/avr/4.3.3/avr5\libgcc.a(_mul_sf.o)
 .data          0x0080006f        0x0 x:/tools/imt_sdk_win_64/imt_sdk_win_64/winavr/bin/../lib/gcc/avr/4.3.3/avr5\libgcc.a(_gt_sf.o)
 .data          0x0080006f        0x0 x:/tools/imt_sdk_win_64/imt_sdk_win_64/winavr/bin/../lib/gcc/avr/4.3.3/avr5\libgcc.a(_ge_sf.o)
 .data          0x0080006f        0x0 x:/tools/imt_sdk_win_64/imt_sdk_win_64/winavr/bin/../lib/gcc/avr/4.3.3/avr5\libgcc.a(_lt_sf.o)
 .data          0x0080006f        0x0 x:/tools/imt_sdk_win_64/imt_sdk_win_64/winavr/bin/../lib/gcc/avr/4.3.3/avr5\libgcc.a(_sf_to_si.o)
 .data          0x0080006f        0x8 x:/tools/imt_sdk_win_64/imt_sdk_win_64/winavr/bin/../lib/gcc/avr/4.3.3/avr5\libgcc.a(_thenan_sf.o)
                0x0080006f                __thenan_sf
 .data          0x00800077        0x0 x:/tools/imt_sdk_win_64/imt_sdk_win_64/winavr/bin/../lib/gcc/avr/4.3.3/avr5\libgcc.a(_prologue.o)
 .data          0x00800077        0x0 x:/tools/imt_sdk_win_64/imt_sdk_win_64/winavr/bin/../lib/gcc/avr/4.3.3/avr5\libgcc.a(_epilogue.o)
 .data          0x00800077        0x0 x:/tools/imt_sdk_win_64/imt_sdk_win_64/winavr/bin/../lib/gcc/avr/4.3.3/avr5\libgcc.a(_pack_sf.o)
 .data          0x00800077        0x0 x:/tools/imt_sdk_win_64/imt_sdk_win_64/winavr/bin/../lib/gcc/avr/4.3.3/avr5\libgcc.a(_unpack_sf.o)
 .data          0x00800077        0x0 x:/tools/imt_sdk_win_64/imt_sdk_win_64/winavr/bin/../lib/gcc/avr/4.3.3/avr5\libgcc.a(_fpcmp_parts_sf.o)
 *(.data*)
 *(.rodata)
 *(.rodata*)
 *(.gnu.linkonce.d*)
                0x00800078                . = ALIGN (0x2)
 *fill*         0x00800077        0x1 00
                0x00800078                _edata = .
                0x00800078                PROVIDE (__data_end, .)

.bss            0x00800078        0x6
                0x00800078                PROVIDE (__bss_start, .)
 *(.bss)
 .bss           0x00800078        0x0 x:/tools/imt_sdk_win_64/imt_sdk_win_64/winavr/bin/../lib/gcc/avr/4.3.3/../../../../avr/lib/avr5/crtm32.o
 .bss           0x00800078        0x0 ./Src/ADC_Program.o
 .bss           0x00800078        0x0 ./Src/App.o
 .bss           0x00800078        0x0 ./Src/DIO_Program.o
 .bss           0x00800078        0x0 ./Src/EXTI_Program.o
 .bss           0x00800078        0x0 ./Src/GI_Program.o
 .bss           0x00800078        0x0 ./Src/LCD_Program.o
 .bss           0x00800078        0x0 ./Src/LED_Program.o
 .bss           0x00800078        0x0 x:/tools/imt_sdk_win_64/imt_sdk_win_64/winavr/bin/../lib/gcc/avr/4.3.3/avr5\libgcc.a(_mulsi3.o)
 .bss           0x00800078        0x0 x:/tools/imt_sdk_win_64/imt_sdk_win_64/winavr/bin/../lib/gcc/avr/4.3.3/avr5\libgcc.a(_udivmodhi4.o)
 .bss           0x00800078        0x0 x:/tools/imt_sdk_win_64/imt_sdk_win_64/winavr/bin/../lib/gcc/avr/4.3.3/avr5\libgcc.a(_exit.o)
 .bss           0x00800078        0x0 x:/tools/imt_sdk_win_64/imt_sdk_win_64/winavr/bin/../lib/gcc/avr/4.3.3/avr5\libgcc.a(_copy_data.o)
 .bss           0x00800078        0x0 x:/tools/imt_sdk_win_64/imt_sdk_win_64/winavr/bin/../lib/gcc/avr/4.3.3/avr5\libgcc.a(_clear_bss.o)
 .bss           0x00800078        0x0 x:/tools/imt_sdk_win_64/imt_sdk_win_64/winavr/bin/../lib/gcc/avr/4.3.3/avr5\libgcc.a(_fixunssfsi.o)
 .bss           0x00800078        0x0 x:/tools/imt_sdk_win_64/imt_sdk_win_64/winavr/bin/../lib/gcc/avr/4.3.3/avr5\libgcc.a(_addsub_sf.o)
 .bss           0x00800078        0x0 x:/tools/imt_sdk_win_64/imt_sdk_win_64/winavr/bin/../lib/gcc/avr/4.3.3/avr5\libgcc.a(_mul_sf.o)
 .bss           0x00800078        0x0 x:/tools/imt_sdk_win_64/imt_sdk_win_64/winavr/bin/../lib/gcc/avr/4.3.3/avr5\libgcc.a(_gt_sf.o)
 .bss           0x00800078        0x0 x:/tools/imt_sdk_win_64/imt_sdk_win_64/winavr/bin/../lib/gcc/avr/4.3.3/avr5\libgcc.a(_ge_sf.o)
 .bss           0x00800078        0x0 x:/tools/imt_sdk_win_64/imt_sdk_win_64/winavr/bin/../lib/gcc/avr/4.3.3/avr5\libgcc.a(_lt_sf.o)
 .bss           0x00800078        0x0 x:/tools/imt_sdk_win_64/imt_sdk_win_64/winavr/bin/../lib/gcc/avr/4.3.3/avr5\libgcc.a(_sf_to_si.o)
 .bss           0x00800078        0x0 x:/tools/imt_sdk_win_64/imt_sdk_win_64/winavr/bin/../lib/gcc/avr/4.3.3/avr5\libgcc.a(_thenan_sf.o)
 .bss           0x00800078        0x0 x:/tools/imt_sdk_win_64/imt_sdk_win_64/winavr/bin/../lib/gcc/avr/4.3.3/avr5\libgcc.a(_prologue.o)
 .bss           0x00800078        0x0 x:/tools/imt_sdk_win_64/imt_sdk_win_64/winavr/bin/../lib/gcc/avr/4.3.3/avr5\libgcc.a(_epilogue.o)
 .bss           0x00800078        0x0 x:/tools/imt_sdk_win_64/imt_sdk_win_64/winavr/bin/../lib/gcc/avr/4.3.3/avr5\libgcc.a(_pack_sf.o)
 .bss           0x00800078        0x0 x:/tools/imt_sdk_win_64/imt_sdk_win_64/winavr/bin/../lib/gcc/avr/4.3.3/avr5\libgcc.a(_unpack_sf.o)
 .bss           0x00800078        0x0 x:/tools/imt_sdk_win_64/imt_sdk_win_64/winavr/bin/../lib/gcc/avr/4.3.3/avr5\libgcc.a(_fpcmp_parts_sf.o)
 *(.bss*)
 .bss.EXTI0_Callback
                0x00800078        0x2 ./Src/EXTI_Program.o
                0x00800078                EXTI0_Callback
 .bss.EXTI1_Callback
                0x0080007a        0x2 ./Src/EXTI_Program.o
                0x0080007a                EXTI1_Callback
 .bss.EXTI2_Callback
                0x0080007c        0x2 ./Src/EXTI_Program.o
                0x0080007c                EXTI2_Callback
 *(COMMON)
                0x0080007e                PROVIDE (__bss_end, .)
                0x00002524                __data_load_start = LOADADDR (.data)
                0x0000253c                __data_load_end = (__data_load_start + SIZEOF (.data))

.noinit         0x0080007e        0x0
                0x0080007e                PROVIDE (__noinit_start, .)
 *(.noinit*)
                0x0080007e                PROVIDE (__noinit_end, .)
                0x0080007e                _end = .
                0x0080007e                PROVIDE (__heap_start, .)

.eeprom         0x00810000        0x0
 *(.eeprom*)
                0x00810000                __eeprom_end = .

.fuse
 *(.fuse)
 *(.lfuse)
 *(.hfuse)
 *(.efuse)

.lock
 *(.lock*)

.signature
 *(.signature*)

.stab           0x00000000     0x1fa4
 *(.stab)
 .stab          0x00000000      0x2e8 ./Src/ADC_Program.o
 .stab          0x000002e8      0x510 ./Src/App.o
                                0x5c4 (size before relaxing)
 .stab          0x000007f8      0x594 ./Src/DIO_Program.o
                                0x690 (size before relaxing)
 .stab          0x00000d8c      0x42c ./Src/EXTI_Program.o
                                0x4f8 (size before relaxing)
 .stab          0x000011b8      0x144 ./Src/GI_Program.o
                                0x1d4 (size before relaxing)
 .stab          0x000012fc      0xae0 ./Src/LCD_Program.o
                                0xd68 (size before relaxing)
 .stab          0x00001ddc      0x1c8 ./Src/LED_Program.o
                                0x2c4 (size before relaxing)

.stabstr        0x00000000     0x142d
 *(.stabstr)
 .stabstr       0x00000000     0x142d ./Src/ADC_Program.o

.stab.excl
 *(.stab.excl)

.stab.exclstr
 *(.stab.exclstr)

.stab.index
 *(.stab.index)

.stab.indexstr
 *(.stab.indexstr)

.comment
 *(.comment)

.debug
 *(.debug)

.line
 *(.line)

.debug_srcinfo
 *(.debug_srcinfo)

.debug_sfnames
 *(.debug_sfnames)

.debug_aranges  0x00000000      0x140
 *(.debug_aranges)
 .debug_aranges
                0x00000000       0x20 x:/tools/imt_sdk_win_64/imt_sdk_win_64/winavr/bin/../lib/gcc/avr/4.3.3/avr5\libgcc.a(_fixunssfsi.o)
 .debug_aranges
                0x00000020       0x20 x:/tools/imt_sdk_win_64/imt_sdk_win_64/winavr/bin/../lib/gcc/avr/4.3.3/avr5\libgcc.a(_addsub_sf.o)
 .debug_aranges
                0x00000040       0x20 x:/tools/imt_sdk_win_64/imt_sdk_win_64/winavr/bin/../lib/gcc/avr/4.3.3/avr5\libgcc.a(_mul_sf.o)
 .debug_aranges
                0x00000060       0x20 x:/tools/imt_sdk_win_64/imt_sdk_win_64/winavr/bin/../lib/gcc/avr/4.3.3/avr5\libgcc.a(_gt_sf.o)
 .debug_aranges
                0x00000080       0x20 x:/tools/imt_sdk_win_64/imt_sdk_win_64/winavr/bin/../lib/gcc/avr/4.3.3/avr5\libgcc.a(_ge_sf.o)
 .debug_aranges
                0x000000a0       0x20 x:/tools/imt_sdk_win_64/imt_sdk_win_64/winavr/bin/../lib/gcc/avr/4.3.3/avr5\libgcc.a(_lt_sf.o)
 .debug_aranges
                0x000000c0       0x20 x:/tools/imt_sdk_win_64/imt_sdk_win_64/winavr/bin/../lib/gcc/avr/4.3.3/avr5\libgcc.a(_sf_to_si.o)
 .debug_aranges
                0x000000e0       0x20 x:/tools/imt_sdk_win_64/imt_sdk_win_64/winavr/bin/../lib/gcc/avr/4.3.3/avr5\libgcc.a(_pack_sf.o)
 .debug_aranges
                0x00000100       0x20 x:/tools/imt_sdk_win_64/imt_sdk_win_64/winavr/bin/../lib/gcc/avr/4.3.3/avr5\libgcc.a(_unpack_sf.o)
 .debug_aranges
                0x00000120       0x20 x:/tools/imt_sdk_win_64/imt_sdk_win_64/winavr/bin/../lib/gcc/avr/4.3.3/avr5\libgcc.a(_fpcmp_parts_sf.o)

.debug_pubnames
                0x00000000      0x170
 *(.debug_pubnames)
 .debug_pubnames
                0x00000000       0x23 x:/tools/imt_sdk_win_64/imt_sdk_win_64/winavr/bin/../lib/gcc/avr/4.3.3/avr5\libgcc.a(_fixunssfsi.o)
 .debug_pubnames
                0x00000023       0x2c x:/tools/imt_sdk_win_64/imt_sdk_win_64/winavr/bin/../lib/gcc/avr/4.3.3/avr5\libgcc.a(_addsub_sf.o)
 .debug_pubnames
                0x0000004f       0x1f x:/tools/imt_sdk_win_64/imt_sdk_win_64/winavr/bin/../lib/gcc/avr/4.3.3/avr5\libgcc.a(_mul_sf.o)
 .debug_pubnames
                0x0000006e       0x1e x:/tools/imt_sdk_win_64/imt_sdk_win_64/winavr/bin/../lib/gcc/avr/4.3.3/avr5\libgcc.a(_gt_sf.o)
 .debug_pubnames
                0x0000008c       0x1e x:/tools/imt_sdk_win_64/imt_sdk_win_64/winavr/bin/../lib/gcc/avr/4.3.3/avr5\libgcc.a(_ge_sf.o)
 .debug_pubnames
                0x000000aa       0x1e x:/tools/imt_sdk_win_64/imt_sdk_win_64/winavr/bin/../lib/gcc/avr/4.3.3/avr5\libgcc.a(_lt_sf.o)
 .debug_pubnames
                0x000000c8       0x20 x:/tools/imt_sdk_win_64/imt_sdk_win_64/winavr/bin/../lib/gcc/avr/4.3.3/avr5\libgcc.a(_sf_to_si.o)
 .debug_pubnames
                0x000000e8       0x22 x:/tools/imt_sdk_win_64/imt_sdk_win_64/winavr/bin/../lib/gcc/avr/4.3.3/avr5\libgcc.a(_thenan_sf.o)
 .debug_pubnames
                0x0000010a       0x1f x:/tools/imt_sdk_win_64/imt_sdk_win_64/winavr/bin/../lib/gcc/avr/4.3.3/avr5\libgcc.a(_pack_sf.o)
 .debug_pubnames
                0x00000129       0x21 x:/tools/imt_sdk_win_64/imt_sdk_win_64/winavr/bin/../lib/gcc/avr/4.3.3/avr5\libgcc.a(_unpack_sf.o)
 .debug_pubnames
                0x0000014a       0x26 x:/tools/imt_sdk_win_64/imt_sdk_win_64/winavr/bin/../lib/gcc/avr/4.3.3/avr5\libgcc.a(_fpcmp_parts_sf.o)

.debug_info     0x00000000     0x1c49
 *(.debug_info)
 .debug_info    0x00000000       0xb1 x:/tools/imt_sdk_win_64/imt_sdk_win_64/winavr/bin/../lib/gcc/avr/4.3.3/avr5\libgcc.a(_fixunssfsi.o)
 .debug_info    0x000000b1      0x47a x:/tools/imt_sdk_win_64/imt_sdk_win_64/winavr/bin/../lib/gcc/avr/4.3.3/avr5\libgcc.a(_addsub_sf.o)
 .debug_info    0x0000052b      0x485 x:/tools/imt_sdk_win_64/imt_sdk_win_64/winavr/bin/../lib/gcc/avr/4.3.3/avr5\libgcc.a(_mul_sf.o)
 .debug_info    0x000009b0      0x27f x:/tools/imt_sdk_win_64/imt_sdk_win_64/winavr/bin/../lib/gcc/avr/4.3.3/avr5\libgcc.a(_gt_sf.o)
 .debug_info    0x00000c2f      0x27f x:/tools/imt_sdk_win_64/imt_sdk_win_64/winavr/bin/../lib/gcc/avr/4.3.3/avr5\libgcc.a(_ge_sf.o)
 .debug_info    0x00000eae      0x27f x:/tools/imt_sdk_win_64/imt_sdk_win_64/winavr/bin/../lib/gcc/avr/4.3.3/avr5\libgcc.a(_lt_sf.o)
 .debug_info    0x0000112d      0x2b0 x:/tools/imt_sdk_win_64/imt_sdk_win_64/winavr/bin/../lib/gcc/avr/4.3.3/avr5\libgcc.a(_sf_to_si.o)
 .debug_info    0x000013dd      0x12c x:/tools/imt_sdk_win_64/imt_sdk_win_64/winavr/bin/../lib/gcc/avr/4.3.3/avr5\libgcc.a(_thenan_sf.o)
 .debug_info    0x00001509      0x2df x:/tools/imt_sdk_win_64/imt_sdk_win_64/winavr/bin/../lib/gcc/avr/4.3.3/avr5\libgcc.a(_pack_sf.o)
 .debug_info    0x000017e8      0x251 x:/tools/imt_sdk_win_64/imt_sdk_win_64/winavr/bin/../lib/gcc/avr/4.3.3/avr5\libgcc.a(_unpack_sf.o)
 .debug_info    0x00001a39      0x210 x:/tools/imt_sdk_win_64/imt_sdk_win_64/winavr/bin/../lib/gcc/avr/4.3.3/avr5\libgcc.a(_fpcmp_parts_sf.o)
 *(.gnu.linkonce.wi.*)

.debug_abbrev   0x00000000      0xeeb
 *(.debug_abbrev)
 .debug_abbrev  0x00000000       0x5d x:/tools/imt_sdk_win_64/imt_sdk_win_64/winavr/bin/../lib/gcc/avr/4.3.3/avr5\libgcc.a(_fixunssfsi.o)
 .debug_abbrev  0x0000005d      0x1ea x:/tools/imt_sdk_win_64/imt_sdk_win_64/winavr/bin/../lib/gcc/avr/4.3.3/avr5\libgcc.a(_addsub_sf.o)
 .debug_abbrev  0x00000247      0x21b x:/tools/imt_sdk_win_64/imt_sdk_win_64/winavr/bin/../lib/gcc/avr/4.3.3/avr5\libgcc.a(_mul_sf.o)
 .debug_abbrev  0x00000462      0x15a x:/tools/imt_sdk_win_64/imt_sdk_win_64/winavr/bin/../lib/gcc/avr/4.3.3/avr5\libgcc.a(_gt_sf.o)
 .debug_abbrev  0x000005bc      0x15a x:/tools/imt_sdk_win_64/imt_sdk_win_64/winavr/bin/../lib/gcc/avr/4.3.3/avr5\libgcc.a(_ge_sf.o)
 .debug_abbrev  0x00000716      0x15a x:/tools/imt_sdk_win_64/imt_sdk_win_64/winavr/bin/../lib/gcc/avr/4.3.3/avr5\libgcc.a(_lt_sf.o)
 .debug_abbrev  0x00000870      0x17f x:/tools/imt_sdk_win_64/imt_sdk_win_64/winavr/bin/../lib/gcc/avr/4.3.3/avr5\libgcc.a(_sf_to_si.o)
 .debug_abbrev  0x000009ef       0xad x:/tools/imt_sdk_win_64/imt_sdk_win_64/winavr/bin/../lib/gcc/avr/4.3.3/avr5\libgcc.a(_thenan_sf.o)
 .debug_abbrev  0x00000a9c      0x1c0 x:/tools/imt_sdk_win_64/imt_sdk_win_64/winavr/bin/../lib/gcc/avr/4.3.3/avr5\libgcc.a(_pack_sf.o)
 .debug_abbrev  0x00000c5c      0x154 x:/tools/imt_sdk_win_64/imt_sdk_win_64/winavr/bin/../lib/gcc/avr/4.3.3/avr5\libgcc.a(_unpack_sf.o)
 .debug_abbrev  0x00000db0      0x13b x:/tools/imt_sdk_win_64/imt_sdk_win_64/winavr/bin/../lib/gcc/avr/4.3.3/avr5\libgcc.a(_fpcmp_parts_sf.o)

.debug_line     0x00000000      0xdad
 *(.debug_line)
 .debug_line    0x00000000       0xa7 x:/tools/imt_sdk_win_64/imt_sdk_win_64/winavr/bin/../lib/gcc/avr/4.3.3/avr5\libgcc.a(_fixunssfsi.o)
 .debug_line    0x000000a7      0x2af x:/tools/imt_sdk_win_64/imt_sdk_win_64/winavr/bin/../lib/gcc/avr/4.3.3/avr5\libgcc.a(_addsub_sf.o)
 .debug_line    0x00000356      0x239 x:/tools/imt_sdk_win_64/imt_sdk_win_64/winavr/bin/../lib/gcc/avr/4.3.3/avr5\libgcc.a(_mul_sf.o)
 .debug_line    0x0000058f       0xd3 x:/tools/imt_sdk_win_64/imt_sdk_win_64/winavr/bin/../lib/gcc/avr/4.3.3/avr5\libgcc.a(_gt_sf.o)
 .debug_line    0x00000662       0xd3 x:/tools/imt_sdk_win_64/imt_sdk_win_64/winavr/bin/../lib/gcc/avr/4.3.3/avr5\libgcc.a(_ge_sf.o)
 .debug_line    0x00000735       0xd3 x:/tools/imt_sdk_win_64/imt_sdk_win_64/winavr/bin/../lib/gcc/avr/4.3.3/avr5\libgcc.a(_lt_sf.o)
 .debug_line    0x00000808      0x109 x:/tools/imt_sdk_win_64/imt_sdk_win_64/winavr/bin/../lib/gcc/avr/4.3.3/avr5\libgcc.a(_sf_to_si.o)
 .debug_line    0x00000911       0x90 x:/tools/imt_sdk_win_64/imt_sdk_win_64/winavr/bin/../lib/gcc/avr/4.3.3/avr5\libgcc.a(_thenan_sf.o)
 .debug_line    0x000009a1      0x18a x:/tools/imt_sdk_win_64/imt_sdk_win_64/winavr/bin/../lib/gcc/avr/4.3.3/avr5\libgcc.a(_pack_sf.o)
 .debug_line    0x00000b2b      0x14b x:/tools/imt_sdk_win_64/imt_sdk_win_64/winavr/bin/../lib/gcc/avr/4.3.3/avr5\libgcc.a(_unpack_sf.o)
 .debug_line    0x00000c76      0x137 x:/tools/imt_sdk_win_64/imt_sdk_win_64/winavr/bin/../lib/gcc/avr/4.3.3/avr5\libgcc.a(_fpcmp_parts_sf.o)

.debug_frame    0x00000000      0x160
 *(.debug_frame)
 .debug_frame   0x00000000       0x20 x:/tools/imt_sdk_win_64/imt_sdk_win_64/winavr/bin/../lib/gcc/avr/4.3.3/avr5\libgcc.a(_fixunssfsi.o)
 .debug_frame   0x00000020       0x40 x:/tools/imt_sdk_win_64/imt_sdk_win_64/winavr/bin/../lib/gcc/avr/4.3.3/avr5\libgcc.a(_addsub_sf.o)
 .debug_frame   0x00000060       0x20 x:/tools/imt_sdk_win_64/imt_sdk_win_64/winavr/bin/../lib/gcc/avr/4.3.3/avr5\libgcc.a(_mul_sf.o)
 .debug_frame   0x00000080       0x20 x:/tools/imt_sdk_win_64/imt_sdk_win_64/winavr/bin/../lib/gcc/avr/4.3.3/avr5\libgcc.a(_gt_sf.o)
 .debug_frame   0x000000a0       0x20 x:/tools/imt_sdk_win_64/imt_sdk_win_64/winavr/bin/../lib/gcc/avr/4.3.3/avr5\libgcc.a(_ge_sf.o)
 .debug_frame   0x000000c0       0x20 x:/tools/imt_sdk_win_64/imt_sdk_win_64/winavr/bin/../lib/gcc/avr/4.3.3/avr5\libgcc.a(_lt_sf.o)
 .debug_frame   0x000000e0       0x20 x:/tools/imt_sdk_win_64/imt_sdk_win_64/winavr/bin/../lib/gcc/avr/4.3.3/avr5\libgcc.a(_sf_to_si.o)
 .debug_frame   0x00000100       0x20 x:/tools/imt_sdk_win_64/imt_sdk_win_64/winavr/bin/../lib/gcc/avr/4.3.3/avr5\libgcc.a(_pack_sf.o)
 .debug_frame   0x00000120       0x20 x:/tools/imt_sdk_win_64/imt_sdk_win_64/winavr/bin/../lib/gcc/avr/4.3.3/avr5\libgcc.a(_unpack_sf.o)
 .debug_frame   0x00000140       0x20 x:/tools/imt_sdk_win_64/imt_sdk_win_64/winavr/bin/../lib/gcc/avr/4.3.3/avr5\libgcc.a(_fpcmp_parts_sf.o)

.debug_str      0x00000000      0x28d
 *(.debug_str)
 .debug_str     0x00000000       0xbf x:/tools/imt_sdk_win_64/imt_sdk_win_64/winavr/bin/../lib/gcc/avr/4.3.3/avr5\libgcc.a(_fixunssfsi.o)
                                 0xfe (size before relaxing)
 .debug_str     0x000000bf      0x14d x:/tools/imt_sdk_win_64/imt_sdk_win_64/winavr/bin/../lib/gcc/avr/4.3.3/avr5\libgcc.a(_addsub_sf.o)
                                0x206 (size before relaxing)
 .debug_str     0x0000020c       0x27 x:/tools/imt_sdk_win_64/imt_sdk_win_64/winavr/bin/../lib/gcc/avr/4.3.3/avr5\libgcc.a(_mul_sf.o)
                                0x1bf (size before relaxing)
 .debug_str     0x00000233        0xf x:/tools/imt_sdk_win_64/imt_sdk_win_64/winavr/bin/../lib/gcc/avr/4.3.3/avr5\libgcc.a(_gt_sf.o)
                                0x195 (size before relaxing)
 .debug_str     0x00000242        0x8 x:/tools/imt_sdk_win_64/imt_sdk_win_64/winavr/bin/../lib/gcc/avr/4.3.3/avr5\libgcc.a(_ge_sf.o)
                                0x195 (size before relaxing)
 .debug_str     0x0000024a        0x8 x:/tools/imt_sdk_win_64/imt_sdk_win_64/winavr/bin/../lib/gcc/avr/4.3.3/avr5\libgcc.a(_lt_sf.o)
                                0x195 (size before relaxing)
 .debug_str     0x00000252        0xa x:/tools/imt_sdk_win_64/imt_sdk_win_64/winavr/bin/../lib/gcc/avr/4.3.3/avr5\libgcc.a(_sf_to_si.o)
                                0x19e (size before relaxing)
 .debug_str     0x00000000      0x103 x:/tools/imt_sdk_win_64/imt_sdk_win_64/winavr/bin/../lib/gcc/avr/4.3.3/avr5\libgcc.a(_thenan_sf.o)
 .debug_str     0x0000025c       0x16 x:/tools/imt_sdk_win_64/imt_sdk_win_64/winavr/bin/../lib/gcc/avr/4.3.3/avr5\libgcc.a(_pack_sf.o)
                                0x19d (size before relaxing)
 .debug_str     0x00000272        0xb x:/tools/imt_sdk_win_64/imt_sdk_win_64/winavr/bin/../lib/gcc/avr/4.3.3/avr5\libgcc.a(_unpack_sf.o)
                                0x17f (size before relaxing)
 .debug_str     0x0000027d       0x10 x:/tools/imt_sdk_win_64/imt_sdk_win_64/winavr/bin/../lib/gcc/avr/4.3.3/avr5\libgcc.a(_fpcmp_parts_sf.o)
                                0x163 (size before relaxing)

.debug_loc      0x00000000      0x7ce
 *(.debug_loc)
 .debug_loc     0x00000000       0x34 x:/tools/imt_sdk_win_64/imt_sdk_win_64/winavr/bin/../lib/gcc/avr/4.3.3/avr5\libgcc.a(_fixunssfsi.o)
 .debug_loc     0x00000034      0x32a x:/tools/imt_sdk_win_64/imt_sdk_win_64/winavr/bin/../lib/gcc/avr/4.3.3/avr5\libgcc.a(_addsub_sf.o)
 .debug_loc     0x0000035e      0x104 x:/tools/imt_sdk_win_64/imt_sdk_win_64/winavr/bin/../lib/gcc/avr/4.3.3/avr5\libgcc.a(_mul_sf.o)
 .debug_loc     0x00000462       0x3c x:/tools/imt_sdk_win_64/imt_sdk_win_64/winavr/bin/../lib/gcc/avr/4.3.3/avr5\libgcc.a(_gt_sf.o)
 .debug_loc     0x0000049e       0x3c x:/tools/imt_sdk_win_64/imt_sdk_win_64/winavr/bin/../lib/gcc/avr/4.3.3/avr5\libgcc.a(_ge_sf.o)
 .debug_loc     0x000004da       0x3c x:/tools/imt_sdk_win_64/imt_sdk_win_64/winavr/bin/../lib/gcc/avr/4.3.3/avr5\libgcc.a(_lt_sf.o)
 .debug_loc     0x00000516       0x7e x:/tools/imt_sdk_win_64/imt_sdk_win_64/winavr/bin/../lib/gcc/avr/4.3.3/avr5\libgcc.a(_sf_to_si.o)
 .debug_loc     0x00000594      0x13e x:/tools/imt_sdk_win_64/imt_sdk_win_64/winavr/bin/../lib/gcc/avr/4.3.3/avr5\libgcc.a(_pack_sf.o)
 .debug_loc     0x000006d2       0xac x:/tools/imt_sdk_win_64/imt_sdk_win_64/winavr/bin/../lib/gcc/avr/4.3.3/avr5\libgcc.a(_unpack_sf.o)
 .debug_loc     0x0000077e       0x50 x:/tools/imt_sdk_win_64/imt_sdk_win_64/winavr/bin/../lib/gcc/avr/4.3.3/avr5\libgcc.a(_fpcmp_parts_sf.o)

.debug_macinfo
 *(.debug_macinfo)
OUTPUT(ADC_Driver.elf elf32-avr)
LOAD linker stubs

.debug_ranges   0x00000000       0x50
 .debug_ranges  0x00000000       0x50 x:/tools/imt_sdk_win_64/imt_sdk_win_64/winavr/bin/../lib/gcc/avr/4.3.3/avr5\libgcc.a(_mul_sf.o)
